-37528631225178701761487703823739781120,00000000000000000000
