-3.3092374E+38
-3.144373E+38
-3.1433048E+38
-3.04684E+38
-2.8780356E+38
-2.8080367E+38
-2.7727305E+38
-2.6912283E+38
-2.677302E+38
-2.6220854E+38
-2.5907241E+38
-2.5519385E+38
-2.5229733E+38
-2.403561E+38
-1.8767314E+38
-1.7897334E+38
-1.7533399E+38
-1.5968838E+38
-1.4085039E+38
-9.562162E+37
-9.145615E+37
-6.681756E+37
-5.123216E+37
-4.9086905E+37
-3.4871696E+37
-6.574487E+36
1.4089134E+37
5.5288403E+37
7.362963E+37
7.94171E+37
8.669092E+37
9.934225E+37
1.2414536E+38
1.2618302E+38
1.6156063E+38
1.7253394E+38
2.3098843E+38
2.3293577E+38
2.4094144E+38
2.7391013E+38
2.7899308E+38
